FuncDeclStmt(is_prime, (n: int))
  VarDeclStmt(int i = IntLiteral(2))
  IfStmt(BinaryExpr(IdentifierExpr(n) < IntLiteral(2)))
    ReturnStmt(IntLiteral(0))
  WhileStmt(BinaryExpr(BinaryExpr(IdentifierExpr(i) * IdentifierExpr(i)) < BinaryExpr(IdentifierExpr(n) + IntLiteral(1))))
    IfStmt(BinaryExpr(BinaryExpr(IdentifierExpr(n) % IdentifierExpr(i)) == IntLiteral(0)))
      ReturnStmt(IntLiteral(0))
    ExprStmt(IncrementExpr(i++))
  ReturnStmt(IntLiteral(1))
FuncDeclStmt(main)
  VarDeclStmt(int i = IntLiteral(1000))
  VarDeclStmt(int count = IntLiteral(0))
  WhileStmt(BinaryExpr(IdentifierExpr(i) < IntLiteral(100000)))
    IfStmt(FuncCallExpr(is_prime(IncrementExpr(i++))))
      ExprStmt(IncrementExpr(count++))
  ExprStmt(FuncCallExpr(printf(StringLiteral("%d numbers are prime between 1000 and 100,000\n"), IdentifierExpr(count))))
