TOK_FUNC
TOK_IDENTIFIER(getTwo)
TOK_LPAREN
TOK_RPAREN
TOK_LBRACE
TOK_RETURN
TOK_NUMBER(2)
TOK_SEMI
TOK_RBRACE
TOK_FUNC
TOK_IDENTIFIER(add)
TOK_LPAREN
TOK_IDENTIFIER(a)
TOK_COLON
TOK_TYPE(int)
TOK_COMMA
TOK_IDENTIFIER(b)
TOK_COLON
TOK_TYPE(int)
TOK_RPAREN
TOK_COLON
TOK_TYPE(int)
TOK_LBRACE
TOK_RETURN
TOK_IDENTIFIER(a)
TOK_PLUS
TOK_IDENTIFIER(b)
TOK_SEMI
TOK_RBRACE
TOK_FUNC
TOK_IDENTIFIER(main)
TOK_LPAREN
TOK_RPAREN
TOK_LBRACE
TOK_RETURN
TOK_IDENTIFIER(add)
TOK_LPAREN
TOK_IDENTIFIER(getTwo)
TOK_LPAREN
TOK_RPAREN
TOK_COMMA
TOK_IDENTIFIER(getTwo)
TOK_LPAREN
TOK_RPAREN
TOK_RPAREN
TOK_SEMI
TOK_RBRACE
TOK_EOF
