TOK_FUNC
TOK_IDENTIFIER(is_prime)
TOK_LPAREN
TOK_IDENTIFIER(n)
TOK_COLON
TOK_TYPE(int)
TOK_RPAREN
TOK_COLON
TOK_TYPE(int)
TOK_LBRACE
TOK_TYPE(int)
TOK_IDENTIFIER(i)
TOK_EQUAL
TOK_NUMBER(2)
TOK_SEMI
TOK_IF
TOK_LPAREN
TOK_IDENTIFIER(n)
TOK_LESSTHAN
TOK_NUMBER(2)
TOK_RPAREN
TOK_LBRACE
TOK_RETURN
TOK_NUMBER(0)
TOK_SEMI
TOK_RBRACE
TOK_WHILE
TOK_LPAREN
TOK_IDENTIFIER(i)
TOK_STAR
TOK_IDENTIFIER(i)
TOK_LESSTHAN
TOK_IDENTIFIER(n)
TOK_PLUS
TOK_NUMBER(1)
TOK_RPAREN
TOK_LBRACE
TOK_IF
TOK_LPAREN
TOK_IDENTIFIER(n)
TOK_MOD
TOK_IDENTIFIER(i)
TOK_EQUALITY
TOK_NUMBER(0)
TOK_RPAREN
TOK_LBRACE
TOK_RETURN
TOK_NUMBER(0)
TOK_SEMI
TOK_RBRACE
TOK_IDENTIFIER(i)
TOK_INCREMENT
TOK_SEMI
TOK_RBRACE
TOK_RETURN
TOK_NUMBER(1)
TOK_SEMI
TOK_RBRACE
TOK_FUNC
TOK_IDENTIFIER(main)
TOK_LPAREN
TOK_RPAREN
TOK_LBRACE
TOK_TYPE(int)
TOK_IDENTIFIER(i)
TOK_EQUAL
TOK_NUMBER(1000)
TOK_SEMI
TOK_TYPE(int)
TOK_IDENTIFIER(count)
TOK_EQUAL
TOK_NUMBER(0)
TOK_SEMI
TOK_WHILE
TOK_LPAREN
TOK_IDENTIFIER(i)
TOK_LESSTHAN
TOK_NUMBER(100000)
TOK_RPAREN
TOK_LBRACE
TOK_IF
TOK_LPAREN
TOK_IDENTIFIER(is_prime)
TOK_LPAREN
TOK_IDENTIFIER(i)
TOK_INCREMENT
TOK_RPAREN
TOK_RPAREN
TOK_LBRACE
TOK_IDENTIFIER(count)
TOK_INCREMENT
TOK_SEMI
TOK_RBRACE
TOK_RBRACE
TOK_IDENTIFIER(printf)
TOK_LPAREN
TOK_STRING(%d numbers are prime between 1000 and 100,000\n)
TOK_COMMA
TOK_IDENTIFIER(count)
TOK_RPAREN
TOK_SEMI
TOK_RBRACE
TOK_EOF
