TOK_FUNC
TOK_IDENTIFIER(calc)
TOK_LPAREN
TOK_RPAREN
TOK_COLON
TOK_TYPE(int)
TOK_LBRACE
TOK_RETURN
TOK_NUMBER(2)
TOK_PLUS
TOK_NUMBER(2)
TOK_SEMI
TOK_RBRACE
TOK_FUNC
TOK_IDENTIFIER(main)
TOK_LPAREN
TOK_RPAREN
TOK_LBRACE
TOK_TYPE(int)
TOK_IDENTIFIER(xresult)
TOK_EQUAL
TOK_NUMBER(1000)
TOK_SEMI
TOK_TYPE(int)
TOK_IDENTIFIER(george)
TOK_EQUAL
TOK_NUMBER(90)
TOK_SEMI
TOK_RETURN
TOK_LPAREN
TOK_IDENTIFIER(george)
TOK_PLUS
TOK_IDENTIFIER(xresult)
TOK_RPAREN
TOK_STAR
TOK_IDENTIFIER(xresult)
TOK_SEMI
TOK_RBRACE
TOK_EOF
